110.93.205.130 - - [12/Jan/2016:04:24:46 -0500] "GET /ver2/js/chosen.jquery.js HTTP/1.1" 200 8175 "http://45.55.139.16/ver2/contact.php" "Mozilla/5.0 (X11; Linux x86_64) AppleWebKit/537.36 (KHTML, like Gecko) Chrome/46.0.2490.86 Safari/537.36"
110.93.205.130 - - [12/Jan/2016:04:24:46 -0500] "GET /ver2/js/functions.js HTTP/1.1" 200 3608 "http://45.55.139.16/ver2/contact.php" "Mozilla/5.0 (X11; Linux x86_64) AppleWebKit/537.36 (KHTML, like Gecko) Chrome/46.0.2490.86 Safari/537.36"
110.93.205.130 - - [12/Jan/2016:04:24:47 -0500] "GET /ver2/css/home_images/sprite.png HTTP/1.1" 304 180 "http://45.55.139.16/ver2/contact.php" "Mozilla/5.0 (X11; Linux x86_64) AppleWebKit/537.36 (KHTML, like Gecko) Chrome/46.0.2490.86 Safari/537.36"
::1 - - [12/Jan/2016:04:24:53 -0500] "OPTIONS * HTTP/1.0" 200 125 "-" "Apache/2.4.7 (Ubuntu) PHP/5.5.9-1ubuntu4.13 (internal dummy connection)"
110.93.205.130 - - [12/Jan/2016:04:26:16 -0500] "GET /ver2/contact.php HTTP/1.1" 200 1780 "-" "Mozilla/5.0 (X11; Linux x86_64) AppleWebKit/537.36 (KHTML, like Gecko) Chrome/46.0.2490.86 Safari/537.36"
110.93.205.130 - - [12/Jan/2016:04:26:16 -0500] "GET /ver2/js/form_functions.js HTTP/1.1" 200 969 "http://45.55.139.16/ver2/contact.php" "Mozilla/5.0 (X11; Linux x86_64) AppleWebKit/537.36 (KHTML, like Gecko) Chrome/46.0.2490.86 Safari/537.36"
110.93.205.130 - - [12/Jan/2016:04:26:16 -0500] "GET /ver2/css/style.css HTTP/1.1" 200 8311 "http://45.55.139.16/ver2/contact.php" "Mozilla/5.0 (X11; Linux x86_64) AppleWebKit/537.36 (KHTML, like Gecko) Chrome/46.0.2490.86 Safari/537.36"
110.93.205.130 - - [12/Jan/2016:04:26:16 -0500] "GET /ver2/css/home_style.css HTTP/1.1" 200 5024 "http://45.55.139.16/ver2/contact.php" "Mozilla/5.0 (X11; Linux x86_64) AppleWebKit/537.36 (KHTML, like Gecko) Chrome/46.0.2490.86 Safari/537.36"
110.93.205.130 - - [12/Jan/2016:04:26:16 -0500] "GET /ver2/css/chosen.css HTTP/1.1" 200 2597 "http://45.55.139.16/ver2/contact.php" "Mozilla/5.0 (X11; Linux x86_64) AppleWebKit/537.36 (KHTML, like Gecko) Chrome/46.0.2490.86 Safari/537.36"
110.93.205.130 - - [12/Jan/2016:04:26:16 -0500] "GET /ver2/DIR_JSvalidation.js HTTP/1.1" 404 515 "http://45.55.139.16/ver2/contact.php" "Mozilla/5.0 (X11; Linux x86_64) AppleWebKit/537.36 (KHTML, like Gecko) Chrome/46.0.2490.86 Safari/537.36"
110.93.205.130 - - [12/Jan/2016:04:26:16 -0500] "GET /ver2/css/style-search-alert.css HTTP/1.1" 200 12393 "http://45.55.139.16/ver2/contact.php" "Mozilla/5.0 (X11; Linux x86_64) AppleWebKit/537.36 (KHTML, like Gecko) Chrome/46.0.2490.86 Safari/537.36"
110.93.205.130 - - [12/Jan/2016:04:26:16 -0500] "GET /ver2/css/ui-lightness/jquery-ui-1.10.3.custom.min.css HTTP/1.1" 200 4117 "http://45.55.139.16/ver2/contact.php" "Mozilla/5.0 (X11; Linux x86_64) AppleWebKit/537.36 (KHTML, like Gecko) Chrome/46.0.2490.86 Safari/537.36"
110.93.205.130 - - [12/Jan/2016:04:26:16 -0500] "GET /ver2/css/home_style_tags.css HTTP/1.1" 200 434 "http://45.55.139.16/ver2/contact.php" "Mozilla/5.0 (X11; Linux x86_64) AppleWebKit/537.36 (KHTML, like Gecko) Chrome/46.0.2490.86 Safari/537.36"
110.93.205.130 - - [12/Jan/2016:04:26:16 -0500] "GET /ver2/js/jquery.radios.checkboxes.js HTTP/1.1" 200 731 "http://45.55.139.16/ver2/contact.php" "Mozilla/5.0 (X11; Linux x86_64) AppleWebKit/537.36 (KHTML, like Gecko) Chrome/46.0.2490.86 Safari/537.36"
110.93.205.130 - - [12/Jan/2016:04:26:16 -0500] "GET /ver2/js/jquery-1.7.2.min.js HTTP/1.1" 200 33974 "http://45.55.139.16/ver2/contact.php" "Mozilla/5.0 (X11; Linux x86_64) AppleWebKit/537.36 (KHTML, like Gecko) Chrome/46.0.2490.86 Safari/537.36"
110.93.205.130 - - [12/Jan/2016:04:26:16 -0500] "GET /ver2/js/chosen.jquery.js HTTP/1.1" 200 8175 "http://45.55.139.16/ver2/contact.php" "Mozilla/5.0 (X11; Linux x86_64) AppleWebKit/537.36 (KHTML, like Gecko) Chrome/46.0.2490.86 Safari/537.36"
110.93.205.130 - - [12/Jan/2016:04:26:17 -0500] "GET /ver2/css/home_images/sprite.png HTTP/1.1" 304 180 "http://45.55.139.16/ver2/contact.php" "Mozilla/5.0 (X11; Linux x86_64) AppleWebKit/537.36 (KHTML, like Gecko) Chrome/46.0.2490.86 Safari/537.36"
::1 - - [12/Jan/2016:04:26:23 -0500] "OPTIONS * HTTP/1.0" 200 125 "-" "Apache/2.4.7 (Ubuntu) PHP/5.5.9-1ubuntu4.13 (internal dummy connection)"
110.93.205.130 - - [12/Jan/2016:04:30:34 -0500] "GET /ver2/contact.php HTTP/1.1" 200 1780 "-" "Mozilla/5.0 (X11; Linux x86_64) AppleWebKit/537.36 (KHTML, like Gecko) Chrome/46.0.2490.86 Safari/537.36"
110.93.205.130 - - [12/Jan/2016:04:30:34 -0500] "GET /ver2/js/form_functions.js HTTP/1.1" 200 969 "http://45.55.139.16/ver2/contact.php" "Mozilla/5.0 (X11; Linux x86_64) AppleWebKit/537.36 (KHTML, like Gecko) Chrome/46.0.2490.86 Safari/537.36"
110.93.205.130 - - [12/Jan/2016:04:30:34 -0500] "GET /ver2/DIR_JSvalidation.js HTTP/1.1" 404 515 "http://45.55.139.16/ver2/contact.php" "Mozilla/5.0 (X11; Linux x86_64) AppleWebKit/537.36 (KHTML, like Gecko) Chrome/46.0.2490.86 Safari/537.36"
110.93.205.130 - - [12/Jan/2016:05:04:55 -0500] "GET /ver2/contact.php HTTP/1.1" 200 1780 "-" "Mozilla/5.0 (X11; Linux x86_64) AppleWebKit/537.36 (KHTML, like Gecko) Chrome/46.0.2490.86 Safari/537.36"
110.93.205.130 - - [12/Jan/2016:05:04:55 -0500] "GET /ver2/js/form_functions.js HTTP/1.1" 200 969 "http://45.55.139.16/ver2/contact.php" "Mozilla/5.0 (X11; Linux x86_64) AppleWebKit/537.36 (KHTML, like Gecko) Chrome/46.0.2490.86 Safari/537.36"
110.93.205.130 - - [12/Jan/2016:05:04:55 -0500] "GET /ver2/DIR_JSvalidation.js HTTP/1.1" 404 515 "http://45.55.139.16/ver2/contact.php" "Mozilla/5.0 (X11; Linux x86_64) AppleWebKit/537.36 (KHTML, like Gecko) Chrome/46.0.2490.86 Safari/537.36"
110.93.205.130 - - [12/Jan/2016:05:05:04 -0500] "POST /ver2/contact.php HTTP/1.1" 200 1298 "http://45.55.139.16/ver2/contact.php" "Mozilla/5.0 (X11; Linux x86_64) AppleWebKit/537.36 (KHTML, like Gecko) Chrome/46.0.2490.86 Safari/537.36"
110.93.205.130 - - [12/Jan/2016:05:05:04 -0500] "GET /ver2/DIR_JSvalidation.js HTTP/1.1" 404 514 "http://45.55.139.16/ver2/contact.php" "Mozilla/5.0 (X11; Linux x86_64) AppleWebKit/537.36 (KHTML, like Gecko) Chrome/46.0.2490.86 Safari/537.36"
110.93.205.130 - - [12/Jan/2016:05:09:17 -0500] "GET /ver2/contact.php HTTP/1.1" 200 1780 "-" "Mozilla/5.0 (X11; Linux x86_64) AppleWebKit/537.36 (KHTML, like Gecko) Chrome/46.0.2490.86 Safari/537.36"
110.93.205.130 - - [12/Jan/2016:05:09:17 -0500] "GET /ver2/DIR_JSvalidation.js HTTP/1.1" 404 514 "http://45.55.139.16/ver2/contact.php" "Mozilla/5.0 (X11; Linux x86_64) AppleWebKit/537.36 (KHTML, like Gecko) Chrome/46.0.2490.86 Safari/537.36"
110.93.205.130 - - [12/Jan/2016:05:09:29 -0500] "POST /ver2/contact.php HTTP/1.1" 200 1402 "http://45.55.139.16/ver2/contact.php" "Mozilla/5.0 (X11; Linux x86_64) AppleWebKit/537.36 (KHTML, like Gecko) Chrome/46.0.2490.86 Safari/537.36"
110.93.205.130 - - [12/Jan/2016:05:09:29 -0500] "GET /ver2/DIR_JSvalidation.js HTTP/1.1" 404 514 "http://45.55.139.16/ver2/contact.php" "Mozilla/5.0 (X11; Linux x86_64) AppleWebKit/537.36 (KHTML, like Gecko) Chrome/46.0.2490.86 Safari/537.36"
110.93.205.130 - - [12/Jan/2016:05:10:04 -0500] "POST /ver2/contact.php HTTP/1.1" 200 1392 "http://45.55.139.16/ver2/contact.php" "Mozilla/5.0 (X11; Linux x86_64) AppleWebKit/537.36 (KHTML, like Gecko) Chrome/46.0.2490.86 Safari/537.36"
110.93.205.130 - - [12/Jan/2016:05:10:04 -0500] "GET /ver2/DIR_JSvalidation.js HTTP/1.1" 404 514 "http://45.55.139.16/ver2/contact.php" "Mozilla/5.0 (X11; Linux x86_64) AppleWebKit/537.36 (KHTML, like Gecko) Chrome/46.0.2490.86 Safari/537.36"
110.93.205.130 - - [12/Jan/2016:05:10:05 -0500] "GET /ver2/css/home_images/sprite.png HTTP/1.1" 304 180 "http://45.55.139.16/ver2/contact.php" "Mozilla/5.0 (X11; Linux x86_64) AppleWebKit/537.36 (KHTML, like Gecko) Chrome/46.0.2490.86 Safari/537.36"
110.93.205.130 - - [12/Jan/2016:05:11:34 -0500] "POST /ver2/contact.php HTTP/1.1" 200 1392 "http://45.55.139.16/ver2/contact.php" "Mozilla/5.0 (X11; Linux x86_64) AppleWebKit/537.36 (KHTML, like Gecko) Chrome/46.0.2490.86 Safari/537.36"
110.93.205.130 - - [12/Jan/2016:05:11:34 -0500] "GET /ver2/js/form_functions.js HTTP/1.1" 200 969 "http://45.55.139.16/ver2/contact.php" "Mozilla/5.0 (X11; Linux x86_64) AppleWebKit/537.36 (KHTML, like Gecko) Chrome/46.0.2490.86 Safari/537.36"
110.93.205.130 - - [12/Jan/2016:05:11:34 -0500] "GET /ver2/DIR_JSvalidation.js HTTP/1.1" 404 515 "http://45.55.139.16/ver2/contact.php" "Mozilla/5.0 (X11; Linux x86_64) AppleWebKit/537.36 (KHTML, like Gecko) Chrome/46.0.2490.86 Safari/537.36"
110.93.205.130 - - [12/Jan/2016:05:11:35 -0500] "GET /ver2/css/home_images/sprite.png HTTP/1.1" 304 180 "http://45.55.139.16/ver2/contact.php" "Mozilla/5.0 (X11; Linux x86_64) AppleWebKit/537.36 (KHTML, like Gecko) Chrome/46.0.2490.86 Safari/537.36"
110.93.205.130 - - [12/Jan/2016:05:12:51 -0500] "POST /ver2/contact.php HTTP/1.1" 200 1394 "http://45.55.139.16/ver2/contact.php" "Mozilla/5.0 (X11; Linux x86_64) AppleWebKit/537.36 (KHTML, like Gecko) Chrome/46.0.2490.86 Safari/537.36"
110.93.205.130 - - [12/Jan/2016:05:12:52 -0500] "GET /ver2/css/home_images/sprite.png HTTP/1.1" 304 180 "http://45.55.139.16/ver2/contact.php" "Mozilla/5.0 (X11; Linux x86_64) AppleWebKit/537.36 (KHTML, like Gecko) Chrome/46.0.2490.86 Safari/537.36"
110.93.205.130 - - [12/Jan/2016:05:13:12 -0500] "POST /ver2/contact.php HTTP/1.1" 200 1394 "http://45.55.139.16/ver2/contact.php" "Mozilla/5.0 (X11; Linux x86_64) AppleWebKit/537.36 (KHTML, like Gecko) Chrome/46.0.2490.86 Safari/537.36"
110.93.205.130 - - [12/Jan/2016:05:13:12 -0500] "GET /ver2/css/home_images/sprite.png HTTP/1.1" 304 180 "http://45.55.139.16/ver2/contact.php" "Mozilla/5.0 (X11; Linux x86_64) AppleWebKit/537.36 (KHTML, like Gecko) Chrome/46.0.2490.86 Safari/537.36"
110.93.205.130 - - [12/Jan/2016:05:13:42 -0500] "POST /ver2/contact.php HTTP/1.1" 200 1389 "http://45.55.139.16/ver2/contact.php" "Mozilla/5.0 (X11; Linux x86_64) AppleWebKit/537.36 (KHTML, like Gecko) Chrome/46.0.2490.86 Safari/537.36"
110.93.205.130 - - [12/Jan/2016:05:13:42 -0500] "GET /ver2/css/home_images/sprite.png HTTP/1.1" 304 180 "http://45.55.139.16/ver2/contact.php" "Mozilla/5.0 (X11; Linux x86_64) AppleWebKit/537.36 (KHTML, like Gecko) Chrome/46.0.2490.86 Safari/537.36"
110.93.205.130 - - [12/Jan/2016:05:14:12 -0500] "POST /ver2/contact.php HTTP/1.1" 200 1389 "http://45.55.139.16/ver2/contact.php" "Mozilla/5.0 (X11; Linux x86_64) AppleWebKit/537.36 (KHTML, like Gecko) Chrome/46.0.2490.86 Safari/537.36"
110.93.205.130 - - [12/Jan/2016:05:14:12 -0500] "GET /ver2/css/home_images/sprite.png HTTP/1.1" 304 180 "http://45.55.139.16/ver2/contact.php" "Mozilla/5.0 (X11; Linux x86_64) AppleWebKit/537.36 (KHTML, like Gecko) Chrome/46.0.2490.86 Safari/537.36"
110.93.205.130 - - [12/Jan/2016:05:14:58 -0500] "POST /ver2/contact.php HTTP/1.1" 200 1294 "http://45.55.139.16/ver2/contact.php" "Mozilla/5.0 (X11; Linux x86_64) AppleWebKit/537.36 (KHTML, like Gecko) Chrome/46.0.2490.86 Safari/537.36"
110.93.205.130 - - [12/Jan/2016:05:14:58 -0500] "GET /ver2/css/home_images/sprite.png HTTP/1.1" 304 180 "http://45.55.139.16/ver2/contact.php" "Mozilla/5.0 (X11; Linux x86_64) AppleWebKit/537.36 (KHTML, like Gecko) Chrome/46.0.2490.86 Safari/537.36"
110.93.205.130 - - [12/Jan/2016:05:15:43 -0500] "POST /ver2/contact.php HTTP/1.1" 200 1294 "http://45.55.139.16/ver2/contact.php" "Mozilla/5.0 (X11; Linux x86_64) AppleWebKit/537.36 (KHTML, like Gecko) Chrome/46.0.2490.86 Safari/537.36"
110.93.205.130 - - [12/Jan/2016:05:15:44 -0500] "GET /ver2/css/home_images/sprite.png HTTP/1.1" 304 180 "http://45.55.139.16/ver2/contact.php" "Mozilla/5.0 (X11; Linux x86_64) AppleWebKit/537.36 (KHTML, like Gecko) Chrome/46.0.2490.86 Safari/537.36"
110.93.205.130 - - [12/Jan/2016:05:16:15 -0500] "POST /ver2/contact.php HTTP/1.1" 200 1294 "http://45.55.139.16/ver2/contact.php" "Mozilla/5.0 (X11; Linux x86_64) AppleWebKit/537.36 (KHTML, like Gecko) Chrome/46.0.2490.86 Safari/537.36"
110.93.205.130 - - [12/Jan/2016:05:16:16 -0500] "GET /ver2/css/home_images/sprite.png HTTP/1.1" 304 180 "http://45.55.139.16/ver2/contact.php" "Mozilla/5.0 (X11; Linux x86_64) AppleWebKit/537.36 (KHTML, like Gecko) Chrome/46.0.2490.86 Safari/537.36"
110.93.205.130 - - [12/Jan/2016:05:17:07 -0500] "POST /ver2/contact.php HTTP/1.1" 200 1294 "http://45.55.139.16/ver2/contact.php" "Mozilla/5.0 (X11; Linux x86_64) AppleWebKit/537.36 (KHTML, like Gecko) Chrome/46.0.2490.86 Safari/537.36"
110.93.205.130 - - [12/Jan/2016:05:17:08 -0500] "GET /ver2/css/home_images/sprite.png HTTP/1.1" 304 180 "http://45.55.139.16/ver2/contact.php" "Mozilla/5.0 (X11; Linux x86_64) AppleWebKit/537.36 (KHTML, like Gecko) Chrome/46.0.2490.86 Safari/537.36"
110.93.205.130 - - [12/Jan/2016:05:18:12 -0500] "POST /ver2/contact.php HTTP/1.1" 200 1353 "http://45.55.139.16/ver2/contact.php" "Mozilla/5.0 (X11; Linux x86_64) AppleWebKit/537.36 (KHTML, like Gecko) Chrome/46.0.2490.86 Safari/537.36"
110.93.205.130 - - [12/Jan/2016:05:18:13 -0500] "GET /ver2/js/form_functions.js HTTP/1.1" 200 969 "http://45.55.139.16/ver2/contact.php" "Mozilla/5.0 (X11; Linux x86_64) AppleWebKit/537.36 (KHTML, like Gecko) Chrome/46.0.2490.86 Safari/537.36"
110.93.205.130 - - [12/Jan/2016:05:18:13 -0500] "GET /ver2/css/home_images/sprite.png HTTP/1.1" 304 180 "http://45.55.139.16/ver2/contact.php" "Mozilla/5.0 (X11; Linux x86_64) AppleWebKit/537.36 (KHTML, like Gecko) Chrome/46.0.2490.86 Safari/537.36"
110.93.205.130 - - [12/Jan/2016:05:18:43 -0500] "POST /ver2/contact.php HTTP/1.1" 200 1356 "http://45.55.139.16/ver2/contact.php" "Mozilla/5.0 (X11; Linux x86_64) AppleWebKit/537.36 (KHTML, like Gecko) Chrome/46.0.2490.86 Safari/537.36"
110.93.205.130 - - [12/Jan/2016:05:18:44 -0500] "GET /ver2/css/home_images/sprite.png HTTP/1.1" 304 180 "http://45.55.139.16/ver2/contact.php" "Mozilla/5.0 (X11; Linux x86_64) AppleWebKit/537.36 (KHTML, like Gecko) Chrome/46.0.2490.86 Safari/537.36"
110.93.205.130 - - [12/Jan/2016:05:22:16 -0500] "POST /ver2/contact.php HTTP/1.1" 200 1356 "http://45.55.139.16/ver2/contact.php" "Mozilla/5.0 (X11; Linux x86_64) AppleWebKit/537.36 (KHTML, like Gecko) Chrome/46.0.2490.86 Safari/537.36"
110.93.205.130 - - [12/Jan/2016:05:22:16 -0500] "GET /ver2/css/home_images/sprite.png HTTP/1.1" 304 180 "http://45.55.139.16/ver2/contact.php" "Mozilla/5.0 (X11; Linux x86_64) AppleWebKit/537.36 (KHTML, like Gecko) Chrome/46.0.2490.86 Safari/537.36"
110.93.205.130 - - [12/Jan/2016:05:31:32 -0500] "GET /ver2/index.php HTTP/1.1" 500 31172 "http://45.55.139.16/ver2/contact.php" "Mozilla/5.0 (X11; Linux x86_64) AppleWebKit/537.36 (KHTML, like Gecko) Chrome/46.0.2490.86 Safari/537.36"
110.93.205.130 - - [12/Jan/2016:05:32:45 -0500] "GET /ver2/index.php HTTP/1.1" 500 31187 "http://45.55.139.16/ver2/contact.php" "Mozilla/5.0 (X11; Linux x86_64) AppleWebKit/537.36 (KHTML, like Gecko) Chrome/46.0.2490.86 Safari/537.36"
110.93.205.130 - - [12/Jan/2016:05:32:45 -0500] "GET /ver2/css/home_style.css HTTP/1.1" 200 5025 "http://45.55.139.16/ver2/index.php" "Mozilla/5.0 (X11; Linux x86_64) AppleWebKit/537.36 (KHTML, like Gecko) Chrome/46.0.2490.86 Safari/537.36"
110.93.205.130 - - [12/Jan/2016:05:32:45 -0500] "GET /ver2/css/home_style_tags.css HTTP/1.1" 200 435 "http://45.55.139.16/ver2/index.php" "Mozilla/5.0 (X11; Linux x86_64) AppleWebKit/537.36 (KHTML, like Gecko) Chrome/46.0.2490.86 Safari/537.36"
110.93.205.130 - - [12/Jan/2016:05:32:45 -0500] "GET /ver2/vendor/jquery-1.11.3.min.js HTTP/1.1" 200 33632 "http://45.55.139.16/ver2/index.php" "Mozilla/5.0 (X11; Linux x86_64) AppleWebKit/537.36 (KHTML, like Gecko) Chrome/46.0.2490.86 Safari/537.36"
110.93.205.130 - - [12/Jan/2016:05:32:45 -0500] "GET /ver2/css/home_images/temp/intro-image1.png HTTP/1.1" 304 182 "http://45.55.139.16/ver2/index.php" "Mozilla/5.0 (X11; Linux x86_64) AppleWebKit/537.36 (KHTML, like Gecko) Chrome/46.0.2490.86 Safari/537.36"
110.93.205.130 - - [12/Jan/2016:05:32:45 -0500] "GET /ver2/js/home_functions.js HTTP/1.1" 200 561 "http://45.55.139.16/ver2/index.php" "Mozilla/5.0 (X11; Linux x86_64) AppleWebKit/537.36 (KHTML, like Gecko) Chrome/46.0.2490.86 Safari/537.36"
110.93.205.130 - - [12/Jan/2016:05:32:46 -0500] "GET /ver2/css/home_images/temp/logo-garther1.png HTTP/1.1" 304 179 "http://45.55.139.16/ver2/index.php" "Mozilla/5.0 (X11; Linux x86_64) AppleWebKit/537.36 (KHTML, like Gecko) Chrome/46.0.2490.86 Safari/537.36"
110.93.205.130 - - [12/Jan/2016:05:32:46 -0500] "GET /ver2/css/home_images/temp/logo-grovo.png HTTP/1.1" 304 179 "http://45.55.139.16/ver2/index.php" "Mozilla/5.0 (X11; Linux x86_64) AppleWebKit/537.36 (KHTML, like Gecko) Chrome/46.0.2490.86 Safari/537.36"
110.93.205.130 - - [12/Jan/2016:05:32:46 -0500] "GET /ver2/css/home_images/temp/logo-skill-survey1.png HTTP/1.1" 304 180 "http://45.55.139.16/ver2/index.php" "Mozilla/5.0 (X11; Linux x86_64) AppleWebKit/537.36 (KHTML, like Gecko) Chrome/46.0.2490.86 Safari/537.36"
110.93.205.130 - - [12/Jan/2016:05:32:46 -0500] "GET /ver2/css/home_images/temp/logo-glg.png HTTP/1.1" 304 179 "http://45.55.139.16/ver2/index.php" "Mozilla/5.0 (X11; Linux x86_64) AppleWebKit/537.36 (KHTML, like Gecko) Chrome/46.0.2490.86 Safari/537.36"
110.93.205.130 - - [12/Jan/2016:05:32:46 -0500] "GET /ver2/css/home_images/temp/logo-graebel.png HTTP/1.1" 304 180 "http://45.55.139.16/ver2/index.php" "Mozilla/5.0 (X11; Linux x86_64) AppleWebKit/537.36 (KHTML, like Gecko) Chrome/46.0.2490.86 Safari/537.36"
110.93.205.130 - - [12/Jan/2016:05:32:46 -0500] "GET /ver2/css/home_images/temp/logo-ddi.png HTTP/1.1" 304 179 "http://45.55.139.16/ver2/index.php" "Mozilla/5.0 (X11; Linux x86_64) AppleWebKit/537.36 (KHTML, like Gecko) Chrome/46.0.2490.86 Safari/537.36"
110.93.205.130 - - [12/Jan/2016:05:32:46 -0500] "GET /ver2/css/home_images/temp/image2.png HTTP/1.1" 304 181 "http://45.55.139.16/ver2/index.php" "Mozilla/5.0 (X11; Linux x86_64) AppleWebKit/537.36 (KHTML, like Gecko) Chrome/46.0.2490.86 Safari/537.36"
110.93.205.130 - - [12/Jan/2016:05:32:46 -0500] "GET /ver2/css/home_images/temp/image3.png HTTP/1.1" 304 181 "http://45.55.139.16/ver2/index.php" "Mozilla/5.0 (X11; Linux x86_64) AppleWebKit/537.36 (KHTML, like Gecko) Chrome/46.0.2490.86 Safari/537.36"
110.93.205.130 - - [12/Jan/2016:05:32:46 -0500] "GET /ver2/css/home_images/sprite.png HTTP/1.1" 304 180 "http://45.55.139.16/ver2/index.php" "Mozilla/5.0 (X11; Linux x86_64) AppleWebKit/537.36 (KHTML, like Gecko) Chrome/46.0.2490.86 Safari/537.36"
110.93.205.130 - - [12/Jan/2016:05:32:46 -0500] "GET /ver2/css/home_images/temp/image1.png HTTP/1.1" 304 182 "http://45.55.139.16/ver2/index.php" "Mozilla/5.0 (X11; Linux x86_64) AppleWebKit/537.36 (KHTML, like Gecko) Chrome/46.0.2490.86 Safari/537.36"
110.93.205.130 - - [12/Jan/2016:05:32:46 -0500] "GET /ver2/css/home_images/temp/image4.png HTTP/1.1" 304 180 "http://45.55.139.16/ver2/index.php" "Mozilla/5.0 (X11; Linux x86_64) AppleWebKit/537.36 (KHTML, like Gecko) Chrome/46.0.2490.86 Safari/537.36"
110.93.205.130 - - [12/Jan/2016:05:32:46 -0500] "GET /ver2/css/home_images/temp/logo-gartner.png HTTP/1.1" 304 180 "http://45.55.139.16/ver2/index.php" "Mozilla/5.0 (X11; Linux x86_64) AppleWebKit/537.36 (KHTML, like Gecko) Chrome/46.0.2490.86 Safari/537.36"
110.93.205.130 - - [12/Jan/2016:05:32:46 -0500] "GET /ver2/css/home_images/temp/testimonial1.png HTTP/1.1" 304 180 "http://45.55.139.16/ver2/index.php" "Mozilla/5.0 (X11; Linux x86_64) AppleWebKit/537.36 (KHTML, like Gecko) Chrome/46.0.2490.86 Safari/537.36"
110.93.205.130 - - [12/Jan/2016:05:32:47 -0500] "GET /ver2/css/home_images/temp/testimonial2.png HTTP/1.1" 304 180 "http://45.55.139.16/ver2/index.php" "Mozilla/5.0 (X11; Linux x86_64) AppleWebKit/537.36 (KHTML, like Gecko) Chrome/46.0.2490.86 Safari/537.36"
110.93.205.130 - - [12/Jan/2016:05:32:47 -0500] "GET /ver2/css/home_images/temp/logo-skill-survey.png HTTP/1.1" 304 180 "http://45.55.139.16/ver2/index.php" "Mozilla/5.0 (X11; Linux x86_64) AppleWebKit/537.36 (KHTML, like Gecko) Chrome/46.0.2490.86 Safari/537.36"
110.93.205.130 - - [12/Jan/2016:05:32:47 -0500] "GET /ver2/css/home_images/temp/logo-mindtree.png HTTP/1.1" 304 180 "http://45.55.139.16/ver2/index.php" "Mozilla/5.0 (X11; Linux x86_64) AppleWebKit/537.36 (KHTML, like Gecko) Chrome/46.0.2490.86 Safari/537.36"
110.93.205.130 - - [12/Jan/2016:05:32:47 -0500] "GET /ver2/css/home_images/temp/testimonial3.png HTTP/1.1" 304 180 "http://45.55.139.16/ver2/index.php" "Mozilla/5.0 (X11; Linux x86_64) AppleWebKit/537.36 (KHTML, like Gecko) Chrome/46.0.2490.86 Safari/537.36"
110.93.205.130 - - [12/Jan/2016:05:32:47 -0500] "GET /ver2/css/home_images/favicon.ico HTTP/1.1" 200 1449 "http://45.55.139.16/ver2/index.php" "Mozilla/5.0 (X11; Linux x86_64) AppleWebKit/537.36 (KHTML, like Gecko) Chrome/46.0.2490.86 Safari/537.36"
110.93.205.130 - - [12/Jan/2016:05:32:50 -0500] "GET /ver2/request_demo.php HTTP/1.1" 200 1706 "http://45.55.139.16/ver2/index.php" "Mozilla/5.0 (X11; Linux x86_64) AppleWebKit/537.36 (KHTML, like Gecko) Chrome/46.0.2490.86 Safari/537.36"
110.93.205.130 - - [12/Jan/2016:05:32:50 -0500] "GET /ver2/js/form_functions.js HTTP/1.1" 200 969 "http://45.55.139.16/ver2/request_demo.php" "Mozilla/5.0 (X11; Linux x86_64) AppleWebKit/537.36 (KHTML, like Gecko) Chrome/46.0.2490.86 Safari/537.36"
110.93.205.130 - - [12/Jan/2016:05:32:52 -0500] "GET /ver2/index.php HTTP/1.1" 500 31187 "http://45.55.139.16/ver2/request_demo.php" "Mozilla/5.0 (X11; Linux x86_64) AppleWebKit/537.36 (KHTML, like Gecko) Chrome/46.0.2490.86 Safari/537.36"
::1 - - [12/Jan/2016:05:32:53 -0500] "OPTIONS * HTTP/1.0" 200 125 "-" "Apache/2.4.7 (Ubuntu) PHP/5.5.9-1ubuntu4.13 (internal dummy connection)"
40.78.146.128 - - [12/Jan/2016:07:22:08 -0500] "GET /ver2/terms.php HTTP/1.1" 200 20609 "-" "Mozilla/5.0 (Windows NT 6.1; WOW64) SkypeUriPreview Preview/0.5"
40.78.146.128 - - [12/Jan/2016:07:22:08 -0500] "GET /ver2/privacy.php HTTP/1.1" 200 10373 "-" "Mozilla/5.0 (Windows NT 6.1; WOW64) SkypeUriPreview Preview/0.5"
40.78.146.128 - - [12/Jan/2016:07:22:09 -0500] "GET /ver2/images/favicon.ico HTTP/1.1" 404 458 "-" "Mozilla/5.0 (Windows NT 6.1; WOW64) SkypeUriPreview Preview/0.5"
40.78.146.128 - - [12/Jan/2016:07:22:09 -0500] "GET /ver2/images/favicon.ico HTTP/1.1" 404 458 "-" "Mozilla/5.0 (Windows NT 6.1; WOW64) SkypeUriPreview Preview/0.5"
40.78.146.128 - - [12/Jan/2016:07:22:42 -0500] "GET /ver2/request_demo.php HTTP/1.1" 200 4641 "-" "Mozilla/5.0 (Windows NT 6.1; WOW64) SkypeUriPreview Preview/0.5"
40.78.146.128 - - [12/Jan/2016:07:22:42 -0500] "GET /ver2/images/favicon.ico HTTP/1.1" 404 458 "-" "Mozilla/5.0 (Windows NT 6.1; WOW64) SkypeUriPreview Preview/0.5"
188.68.224.62 - - [12/Jan/2016:08:12:20 -0500] "GET http://dhg.pisz.pl/httptest.php HTTP/1.1" 404 446 "-" "-"
185.25.151.159 - - [12/Jan/2016:08:15:49 -0500] "GET http://testp2.czar.bielawa.pl/testproxy.php HTTP/1.1" 404 458 "-" "Mozilla/5.0 (Windows NT 5.1; rv:32.0) Gecko/20100101 Firefox/31.0"
162.243.188.75 - - [12/Jan/2016:08:46:08 -0500] "GET / HTTP/1.0" 200 11783 "-" "-"
85.25.218.25 - - [12/Jan/2016:08:47:22 -0500] "GET / HTTP/1.1" 200 11783 "-" "Mozilla/5.0 (Macintosh; Intel Mac OS X 10.10; rv:39.0) Gecko/20100101 Firefox/39.0"
110.93.205.130 - - [12/Jan/2016:08:52:16 -0500] "GET /ver2/request_demo.php HTTP/1.1" 200 1707 "-" "Mozilla/5.0 (X11; Linux x86_64) AppleWebKit/537.36 (KHTML, like Gecko) Chrome/46.0.2490.86 Safari/537.36"
110.93.205.130 - - [12/Jan/2016:08:52:16 -0500] "GET /ver2/js/form_functions.js HTTP/1.1" 200 969 "http://45.55.139.16/ver2/request_demo.php" "Mozilla/5.0 (X11; Linux x86_64) AppleWebKit/537.36 (KHTML, like Gecko) Chrome/46.0.2490.86 Safari/537.36"
110.93.205.130 - - [12/Jan/2016:08:52:17 -0500] "GET /ver2/css/home_style.css HTTP/1.1" 200 5025 "http://45.55.139.16/ver2/request_demo.php" "Mozilla/5.0 (X11; Linux x86_64) AppleWebKit/537.36 (KHTML, like Gecko) Chrome/46.0.2490.86 Safari/537.36"
64.238.131.134 - - [12/Jan/2016:08:53:10 -0500] "GET /ver2/request_demo.php HTTP/1.1" 200 1707 "-" "Mozilla/5.0 (Macintosh; Intel Mac OS X 10.10; rv:43.0) Gecko/20100101 Firefox/43.0"
64.238.131.134 - - [12/Jan/2016:08:53:10 -0500] "GET /ver2/js/form_functions.js HTTP/1.1" 200 969 "http://45.55.139.16/ver2/request_demo.php" "Mozilla/5.0 (Macintosh; Intel Mac OS X 10.10; rv:43.0) Gecko/20100101 Firefox/43.0"
64.238.131.134 - - [12/Jan/2016:08:53:10 -0500] "GET /ver2/css/style.css HTTP/1.1" 200 8310 "http://45.55.139.16/ver2/request_demo.php" "Mozilla/5.0 (Macintosh; Intel Mac OS X 10.10; rv:43.0) Gecko/20100101 Firefox/43.0"
64.238.131.134 - - [12/Jan/2016:08:53:10 -0500] "GET /ver2/css/home_style.css HTTP/1.1" 200 5025 "http://45.55.139.16/ver2/request_demo.php" "Mozilla/5.0 (Macintosh; Intel Mac OS X 10.10; rv:43.0) Gecko/20100101 Firefox/43.0"
64.238.131.134 - - [12/Jan/2016:08:53:10 -0500] "GET /ver2/css/home_style_tags.css HTTP/1.1" 200 434 "http://45.55.139.16/ver2/request_demo.php" "Mozilla/5.0 (Macintosh; Intel Mac OS X 10.10; rv:43.0) Gecko/20100101 Firefox/43.0"
64.238.131.134 - - [12/Jan/2016:08:53:55 -0500] "POST /ver2/request_demo.php HTTP/1.1" 200 1321 "http://45.55.139.16/ver2/request_demo.php" "Mozilla/5.0 (Macintosh; Intel Mac OS X 10.10; rv:43.0) Gecko/20100101 Firefox/43.0"
64.238.131.134 - - [12/Jan/2016:08:54:12 -0500] "GET /ver2/request_demo.php HTTP/1.1" 200 1707 "-" "Mozilla/5.0 (Macintosh; Intel Mac OS X 10.10; rv:43.0) Gecko/20100101 Firefox/43.0"
188.68.224.62 - - [12/Jan/2016:13:02:40 -0500] "GET http://dhg.pisz.pl/httptest.php HTTP/1.1" 404 446 "-" "-"
89.248.172.78 - - [12/Jan/2016:13:41:50 -0500] "GET / HTTP/1.0" 200 11783 "-" "Mozilla/5.0 (Windows NT 6.1; rv:31.0) Gecko/20100101 Firefox/31.0"
188.68.224.62 - - [12/Jan/2016:14:15:33 -0500] "GET http://dhg.pisz.pl/httptest.php HTTP/1.1" 404 446 "-" "-"
192.99.70.41 - - [12/Jan/2016:17:21:33 -0500] "GET /w00tw00t.at.ISC.SANS.DFind:) HTTP/1.1" 400 0 "-" "-"
195.252.51.30 - - [12/Jan/2016:18:20:09 -0500] "GET //wp-login.php HTTP/1.1" 404 466 "-" "Mozilla/5.0 (X11; U; Linux i686; pt-BR; rv:1.9.0.15) Gecko/2009102815 Ubuntu/9.04 (jaunty) Firefox/3.0.15"
195.252.51.30 - - [12/Jan/2016:18:20:09 -0500] "GET /blog//wp-login.php HTTP/1.1" 404 472 "-" "Mozilla/5.0 (X11; U; Linux i686; pt-BR; rv:1.9.0.15) Gecko/2009102815 Ubuntu/9.04 (jaunty) Firefox/3.0.15"
195.252.51.30 - - [12/Jan/2016:18:20:09 -0500] "GET /wordpress//wp-login.php HTTP/1.1" 404 477 "-" "Mozilla/5.0 (X11; U; Linux i686; pt-BR; rv:1.9.0.15) Gecko/2009102815 Ubuntu/9.04 (jaunty) Firefox/3.0.15"
195.252.51.30 - - [12/Jan/2016:18:20:10 -0500] "GET /wp//wp-login.php HTTP/1.1" 404 470 "-" "Mozilla/5.0 (X11; U; Linux i686; pt-BR; rv:1.9.0.15) Gecko/2009102815 Ubuntu/9.04 (jaunty) Firefox/3.0.15"
185.25.151.159 - - [12/Jan/2016:19:15:11 -0500] "GET http://testp5.mielno.lubin.pl/testproxy.php HTTP/1.1" 404 458 "-" "Mozilla/5.0 (Windows NT 5.1; rv:32.0) Gecko/20100101 Firefox/31.0"
141.212.122.145 - - [12/Jan/2016:20:24:08 -0500] "GET / HTTP/1.1" 200 11764 "-" "Mozilla/5.0 zgrab/0.x"
208.52.161.177 - - [13/Jan/2016:01:25:09 -0500] "GET /myadmin/scripts/setup.php HTTP/1.0" 404 483 "-" "-"
110.93.205.130 - - [13/Jan/2016:02:12:43 -0500] "GET /ver2/request_demo.php HTTP/1.1" 200 1765 "-" "Mozilla/5.0 (X11; Linux x86_64) AppleWebKit/537.36 (KHTML, like Gecko) Chrome/46.0.2490.86 Safari/537.36"
110.93.205.130 - - [13/Jan/2016:02:12:44 -0500] "GET /ver2/request_demo.php HTTP/1.1" 200 1765 "-" "Mozilla/5.0 (X11; Linux x86_64) AppleWebKit/537.36 (KHTML, like Gecko) Chrome/46.0.2490.86 Safari/537.36"
110.93.205.130 - - [13/Jan/2016:02:12:44 -0500] "GET /ver2/js/form_functions.js HTTP/1.1" 200 969 "http://45.55.139.16/ver2/request_demo.php" "Mozilla/5.0 (X11; Linux x86_64) AppleWebKit/537.36 (KHTML, like Gecko) Chrome/46.0.2490.86 Safari/537.36"
110.93.205.130 - - [13/Jan/2016:02:12:44 -0500] "GET /ver2/css/home_style_tags.css HTTP/1.1" 200 435 "http://45.55.139.16/ver2/request_demo.php" "Mozilla/5.0 (X11; Linux x86_64) AppleWebKit/537.36 (KHTML, like Gecko) Chrome/46.0.2490.86 Safari/537.36"
110.93.205.130 - - [13/Jan/2016:02:12:44 -0500] "GET /ver2/css/home_style.css HTTP/1.1" 200 5025 "http://45.55.139.16/ver2/request_demo.php" "Mozilla/5.0 (X11; Linux x86_64) AppleWebKit/537.36 (KHTML, like Gecko) Chrome/46.0.2490.86 Safari/537.36"
110.93.205.130 - - [13/Jan/2016:02:12:45 -0500] "GET /ver2/images/favicon.ico HTTP/1.1" 404 513 "http://45.55.139.16/ver2/request_demo.php" "Mozilla/5.0 (X11; Linux x86_64) AppleWebKit/537.36 (KHTML, like Gecko) Chrome/46.0.2490.86 Safari/537.36"
80.82.70.24 - - [13/Jan/2016:03:05:31 -0500] "GET http://httpheader.net HTTP/1.1" 200 3538 "-" "Mozilla/5.0 (Windows; U; Windows NT 6.1; en-US; rv:1.9.2.28) Gecko/20120306 Firefox/3.6.28 (.NET CLR 3.5.30729)"
200.1.177.195 - - [13/Jan/2016:04:30:14 -0500] "GET /w00tw00t.at.ISC.SANS.DFind:) HTTP/1.1" 400 0 "-" "-"
110.93.205.130 - - [13/Jan/2016:07:01:18 -0500] "GET /ver2/request_demo.php HTTP/1.1" 200 1707 "-" "Mozilla/5.0 (X11; Linux x86_64) AppleWebKit/537.36 (KHTML, like Gecko) Chrome/46.0.2490.86 Safari/537.36"
110.93.205.130 - - [13/Jan/2016:07:01:19 -0500] "GET /ver2/js/form_functions.js HTTP/1.1" 200 969 "http://45.55.139.16/ver2/request_demo.php" "Mozilla/5.0 (X11; Linux x86_64) AppleWebKit/537.36 (KHTML, like Gecko) Chrome/46.0.2490.86 Safari/537.36"
110.93.205.130 - - [13/Jan/2016:07:01:19 -0500] "GET /ver2/css/home_style.css HTTP/1.1" 200 5025 "http://45.55.139.16/ver2/request_demo.php" "Mozilla/5.0 (X11; Linux x86_64) AppleWebKit/537.36 (KHTML, like Gecko) Chrome/46.0.2490.86 Safari/537.36"
110.93.205.130 - - [13/Jan/2016:07:03:35 -0500] "GET /ver2/request_demo.php HTTP/1.1" 200 1707 "-" "Mozilla/5.0 (X11; Linux x86_64) AppleWebKit/537.36 (KHTML, like Gecko) Chrome/46.0.2490.86 Safari/537.36"
110.93.205.130 - - [13/Jan/2016:07:03:44 -0500] "POST /ver2/request_demo.php HTTP/1.1" 200 1322 "http://45.55.139.16/ver2/request_demo.php" "Mozilla/5.0 (X11; Linux x86_64) AppleWebKit/537.36 (KHTML, like Gecko) Chrome/46.0.2490.86 Safari/537.36"
110.93.205.130 - - [13/Jan/2016:07:06:05 -0500] "POST /ver2/request_demo.php HTTP/1.1" 200 1326 "http://45.55.139.16/ver2/request_demo.php" "Mozilla/5.0 (X11; Linux x86_64) AppleWebKit/537.36 (KHTML, like Gecko) Chrome/46.0.2490.86 Safari/537.36"
110.93.205.130 - - [13/Jan/2016:07:06:05 -0500] "GET /ver2/css/home_images/sprite.png HTTP/1.1" 304 180 "http://45.55.139.16/ver2/request_demo.php" "Mozilla/5.0 (X11; Linux x86_64) AppleWebKit/537.36 (KHTML, like Gecko) Chrome/46.0.2490.86 Safari/537.36"
110.93.205.130 - - [13/Jan/2016:07:06:11 -0500] "GET /ver2/request_demo.php HTTP/1.1" 200 1709 "-" "Mozilla/5.0 (X11; Linux x86_64) AppleWebKit/537.36 (KHTML, like Gecko) Chrome/46.0.2490.86 Safari/537.36"
110.93.205.130 - - [13/Jan/2016:07:06:23 -0500] "POST /ver2/request_demo.php HTTP/1.1" 200 1326 "http://45.55.139.16/ver2/request_demo.php" "Mozilla/5.0 (X11; Linux x86_64) AppleWebKit/537.36 (KHTML, like Gecko) Chrome/46.0.2490.86 Safari/537.36"
110.93.205.130 - - [13/Jan/2016:07:07:07 -0500] "GET /ver2/request_demo.php HTTP/1.1" 200 1709 "-" "Mozilla/5.0 (X11; Linux x86_64) AppleWebKit/537.36 (KHTML, like Gecko) Chrome/46.0.2490.86 Safari/537.36"
110.93.205.130 - - [13/Jan/2016:07:10:50 -0500] "GET /ver2/request_demo.php HTTP/1.1" 200 1709 "-" "Mozilla/5.0 (X11; Linux x86_64) AppleWebKit/537.36 (KHTML, like Gecko) Chrome/46.0.2490.86 Safari/537.36"
110.93.205.130 - - [13/Jan/2016:07:10:51 -0500] "GET /favicon.ico HTTP/1.1" 404 501 "http://45.55.139.16/ver2/request_demo.php" "Mozilla/5.0 (X11; Linux x86_64) AppleWebKit/537.36 (KHTML, like Gecko) Chrome/46.0.2490.86 Safari/537.36"
110.93.205.130 - - [13/Jan/2016:07:14:06 -0500] "GET /ver2/request_demo.php HTTP/1.1" 200 1717 "-" "Mozilla/5.0 (X11; Linux x86_64) AppleWebKit/537.36 (KHTML, like Gecko) Chrome/46.0.2490.86 Safari/537.36"
110.93.205.130 - - [13/Jan/2016:07:14:06 -0500] "GET /ver2/js/form_functions.js HTTP/1.1" 200 969 "http://45.55.139.16/ver2/request_demo.php" "Mozilla/5.0 (X11; Linux x86_64) AppleWebKit/537.36 (KHTML, like Gecko) Chrome/46.0.2490.86 Safari/537.36"
110.93.205.130 - - [13/Jan/2016:07:14:06 -0500] "GET /ver2/css/ui-lightness/jquery-ui-1.10.3.custom.min.css HTTP/1.1" 200 4117 "http://45.55.139.16/ver2/request_demo.php" "Mozilla/5.0 (X11; Linux x86_64) AppleWebKit/537.36 (KHTML, like Gecko) Chrome/46.0.2490.86 Safari/537.36"
110.93.205.130 - - [13/Jan/2016:07:14:06 -0500] "GET /ver2/css/style-search-alert.css HTTP/1.1" 200 12393 "http://45.55.139.16/ver2/request_demo.php" "Mozilla/5.0 (X11; Linux x86_64) AppleWebKit/537.36 (KHTML, like Gecko) Chrome/46.0.2490.86 Safari/537.36"
110.93.205.130 - - [13/Jan/2016:07:14:06 -0500] "GET /ver2/css/style.css HTTP/1.1" 200 8311 "http://45.55.139.16/ver2/request_demo.php" "Mozilla/5.0 (X11; Linux x86_64) AppleWebKit/537.36 (KHTML, like Gecko) Chrome/46.0.2490.86 Safari/537.36"
110.93.205.130 - - [13/Jan/2016:07:14:06 -0500] "GET /ver2/css/home_style.css HTTP/1.1" 200 5024 "http://45.55.139.16/ver2/request_demo.php" "Mozilla/5.0 (X11; Linux x86_64) AppleWebKit/537.36 (KHTML, like Gecko) Chrome/46.0.2490.86 Safari/537.36"
110.93.205.130 - - [13/Jan/2016:07:14:06 -0500] "GET /ver2/css/chosen.css HTTP/1.1" 200 2597 "http://45.55.139.16/ver2/request_demo.php" "Mozilla/5.0 (X11; Linux x86_64) AppleWebKit/537.36 (KHTML, like Gecko) Chrome/46.0.2490.86 Safari/537.36"
110.93.205.130 - - [13/Jan/2016:07:14:06 -0500] "GET /ver2/js/jquery-1.7.2.min.js HTTP/1.1" 200 33975 "http://45.55.139.16/ver2/request_demo.php" "Mozilla/5.0 (X11; Linux x86_64) AppleWebKit/537.36 (KHTML, like Gecko) Chrome/46.0.2490.86 Safari/537.36"
110.93.205.130 - - [13/Jan/2016:07:14:07 -0500] "GET /ver2/css/home_style_tags.css HTTP/1.1" 200 434 "http://45.55.139.16/ver2/request_demo.php" "Mozilla/5.0 (X11; Linux x86_64) AppleWebKit/537.36 (KHTML, like Gecko) Chrome/46.0.2490.86 Safari/537.36"
110.93.205.130 - - [13/Jan/2016:07:14:07 -0500] "GET /ver2/js/jquery.radios.checkboxes.js HTTP/1.1" 200 731 "http://45.55.139.16/ver2/request_demo.php" "Mozilla/5.0 (X11; Linux x86_64) AppleWebKit/537.36 (KHTML, like Gecko) Chrome/46.0.2490.86 Safari/537.36"
110.93.205.130 - - [13/Jan/2016:07:14:07 -0500] "GET /ver2/js/chosen.jquery.js HTTP/1.1" 200 8175 "http://45.55.139.16/ver2/request_demo.php" "Mozilla/5.0 (X11; Linux x86_64) AppleWebKit/537.36 (KHTML, like Gecko) Chrome/46.0.2490.86 Safari/537.36"
110.93.205.130 - - [13/Jan/2016:07:14:07 -0500] "GET /ver2/css/home_images/sprite.png HTTP/1.1" 304 180 "http://45.55.139.16/ver2/request_demo.php" "Mozilla/5.0 (X11; Linux x86_64) AppleWebKit/537.36 (KHTML, like Gecko) Chrome/46.0.2490.86 Safari/537.36"
::1 - - [13/Jan/2016:07:14:12 -0500] "OPTIONS * HTTP/1.0" 200 125 "-" "Apache/2.4.7 (Ubuntu) PHP/5.5.9-1ubuntu4.13 (internal dummy connection)"
110.93.205.130 - - [13/Jan/2016:07:14:14 -0500] "POST /ver2/request_demo.php HTTP/1.1" 200 1326 "http://45.55.139.16/ver2/request_demo.php" "Mozilla/5.0 (X11; Linux x86_64) AppleWebKit/537.36 (KHTML, like Gecko) Chrome/46.0.2490.86 Safari/537.36"
110.93.205.130 - - [13/Jan/2016:07:15:08 -0500] "GET /ver2/request_demo.php HTTP/1.1" 200 1717 "-" "Mozilla/5.0 (X11; Linux x86_64) AppleWebKit/537.36 (KHTML, like Gecko) Chrome/46.0.2490.86 Safari/537.36"
91.196.50.33 - - [13/Jan/2016:07:17:57 -0500] "GET http://testp4.pospr.waw.pl/testproxy.php HTTP/1.1" 404 455 "-" "Mozilla/5.0 (Windows NT 5.1; rv:32.0) Gecko/20100101 Firefox/31.0"
110.93.205.130 - - [13/Jan/2016:07:25:51 -0500] "GET /ver2/request_demo.php HTTP/1.1" 200 1717 "-" "Mozilla/5.0 (X11; Linux x86_64) AppleWebKit/537.36 (KHTML, like Gecko) Chrome/46.0.2490.86 Safari/537.36"
110.93.205.130 - - [13/Jan/2016:07:25:51 -0500] "GET /ver2/js/form_functions.js HTTP/1.1" 200 975 "http://45.55.139.16/ver2/request_demo.php" "Mozilla/5.0 (X11; Linux x86_64) AppleWebKit/537.36 (KHTML, like Gecko) Chrome/46.0.2490.86 Safari/537.36"
110.93.205.130 - - [13/Jan/2016:07:25:52 -0500] "GET /ver2/css/style-search-alert.css HTTP/1.1" 200 12393 "http://45.55.139.16/ver2/request_demo.php" "Mozilla/5.0 (X11; Linux x86_64) AppleWebKit/537.36 (KHTML, like Gecko) Chrome/46.0.2490.86 Safari/537.36"
110.93.205.130 - - [13/Jan/2016:07:25:52 -0500] "GET /ver2/css/ui-lightness/jquery-ui-1.10.3.custom.min.css HTTP/1.1" 200 4117 "http://45.55.139.16/ver2/request_demo.php" "Mozilla/5.0 (X11; Linux x86_64) AppleWebKit/537.36 (KHTML, like Gecko) Chrome/46.0.2490.86 Safari/537.36"
110.93.205.130 - - [13/Jan/2016:07:25:52 -0500] "GET /ver2/css/style.css HTTP/1.1" 200 8311 "http://45.55.139.16/ver2/request_demo.php" "Mozilla/5.0 (X11; Linux x86_64) AppleWebKit/537.36 (KHTML, like Gecko) Chrome/46.0.2490.86 Safari/537.36"
110.93.205.130 - - [13/Jan/2016:07:25:52 -0500] "GET /ver2/css/chosen.css HTTP/1.1" 200 2597 "http://45.55.139.16/ver2/request_demo.php" "Mozilla/5.0 (X11; Linux x86_64) AppleWebKit/537.36 (KHTML, like Gecko) Chrome/46.0.2490.86 Safari/537.36"
110.93.205.130 - - [13/Jan/2016:07:25:52 -0500] "GET /ver2/css/home_style.css HTTP/1.1" 200 5024 "http://45.55.139.16/ver2/request_demo.php" "Mozilla/5.0 (X11; Linux x86_64) AppleWebKit/537.36 (KHTML, like Gecko) Chrome/46.0.2490.86 Safari/537.36"
110.93.205.130 - - [13/Jan/2016:07:25:52 -0500] "GET /ver2/js/jquery-1.7.2.min.js HTTP/1.1" 200 33975 "http://45.55.139.16/ver2/request_demo.php" "Mozilla/5.0 (X11; Linux x86_64) AppleWebKit/537.36 (KHTML, like Gecko) Chrome/46.0.2490.86 Safari/537.36"
110.93.205.130 - - [13/Jan/2016:07:25:52 -0500] "GET /ver2/css/home_style_tags.css HTTP/1.1" 200 434 "http://45.55.139.16/ver2/request_demo.php" "Mozilla/5.0 (X11; Linux x86_64) AppleWebKit/537.36 (KHTML, like Gecko) Chrome/46.0.2490.86 Safari/537.36"
110.93.205.130 - - [13/Jan/2016:07:25:52 -0500] "GET /ver2/js/chosen.jquery.js HTTP/1.1" 200 8175 "http://45.55.139.16/ver2/request_demo.php" "Mozilla/5.0 (X11; Linux x86_64) AppleWebKit/537.36 (KHTML, like Gecko) Chrome/46.0.2490.86 Safari/537.36"
110.93.205.130 - - [13/Jan/2016:07:25:52 -0500] "GET /ver2/js/jquery.radios.checkboxes.js HTTP/1.1" 200 731 "http://45.55.139.16/ver2/request_demo.php" "Mozilla/5.0 (X11; Linux x86_64) AppleWebKit/537.36 (KHTML, like Gecko) Chrome/46.0.2490.86 Safari/537.36"
110.93.205.130 - - [13/Jan/2016:07:25:52 -0500] "GET /ver2/css/home_images/sprite.png HTTP/1.1" 304 180 "http://45.55.139.16/ver2/request_demo.php" "Mozilla/5.0 (X11; Linux x86_64) AppleWebKit/537.36 (KHTML, like Gecko) Chrome/46.0.2490.86 Safari/537.36"
::1 - - [13/Jan/2016:07:25:58 -0500] "OPTIONS * HTTP/1.0" 200 125 "-" "Apache/2.4.7 (Ubuntu) PHP/5.5.9-1ubuntu4.13 (internal dummy connection)"
110.93.205.130 - - [13/Jan/2016:07:27:30 -0500] "GET /ver2/request_demo.php HTTP/1.1" 200 1717 "-" "Mozilla/5.0 (X11; Linux x86_64) AppleWebKit/537.36 (KHTML, like Gecko) Chrome/46.0.2490.86 Safari/537.36"
110.93.205.130 - - [13/Jan/2016:07:27:30 -0500] "GET /ver2/js/form_functions.js HTTP/1.1" 200 975 "http://45.55.139.16/ver2/request_demo.php" "Mozilla/5.0 (X11; Linux x86_64) AppleWebKit/537.36 (KHTML, like Gecko) Chrome/46.0.2490.86 Safari/537.36"
110.93.205.130 - - [13/Jan/2016:07:28:24 -0500] "GET /ver2/contact.php HTTP/1.1" 200 1776 "-" "Mozilla/5.0 (X11; Linux x86_64) AppleWebKit/537.36 (KHTML, like Gecko) Chrome/46.0.2490.86 Safari/537.36"
110.93.205.130 - - [13/Jan/2016:07:28:24 -0500] "GET /ver2/js/form_functions.js HTTP/1.1" 200 990 "http://45.55.139.16/ver2/contact.php" "Mozilla/5.0 (X11; Linux x86_64) AppleWebKit/537.36 (KHTML, like Gecko) Chrome/46.0.2490.86 Safari/537.36"
110.93.205.130 - - [13/Jan/2016:07:28:33 -0500] "POST /ver2/contact.php HTTP/1.1" 200 1294 "http://45.55.139.16/ver2/contact.php" "Mozilla/5.0 (X11; Linux x86_64) AppleWebKit/537.36 (KHTML, like Gecko) Chrome/46.0.2490.86 Safari/537.36"
110.93.205.130 - - [13/Jan/2016:07:28:33 -0500] "GET /ver2/js/form_functions.js HTTP/1.1" 200 990 "http://45.55.139.16/ver2/contact.php" "Mozilla/5.0 (X11; Linux x86_64) AppleWebKit/537.36 (KHTML, like Gecko) Chrome/46.0.2490.86 Safari/537.36"
110.93.205.130 - - [13/Jan/2016:07:40:30 -0500] "GET /ver2/contact.php HTTP/1.1" 200 1778 "-" "Mozilla/5.0 (X11; Linux x86_64) AppleWebKit/537.36 (KHTML, like Gecko) Chrome/46.0.2490.86 Safari/537.36"
110.93.205.130 - - [13/Jan/2016:07:40:30 -0500] "GET /ver2/js/form_functions.js HTTP/1.1" 200 990 "http://45.55.139.16/ver2/contact.php" "Mozilla/5.0 (X11; Linux x86_64) AppleWebKit/537.36 (KHTML, like Gecko) Chrome/46.0.2490.86 Safari/537.36"
110.93.205.130 - - [13/Jan/2016:07:40:43 -0500] "POST /ver2/contact.php HTTP/1.1" 200 1291 "http://45.55.139.16/ver2/contact.php" "Mozilla/5.0 (X11; Linux x86_64) AppleWebKit/537.36 (KHTML, like Gecko) Chrome/46.0.2490.86 Safari/537.36"
110.93.205.130 - - [13/Jan/2016:07:41:31 -0500] "GET /ver2/contact.php HTTP/1.1" 200 1791 "-" "Mozilla/5.0 (X11; Linux x86_64) AppleWebKit/537.36 (KHTML, like Gecko) Chrome/46.0.2490.86 Safari/537.36"
80.82.64.68 - - [13/Jan/2016:08:15:25 -0500] "GET /public/css/960_12_col.css HTTP/1.0" 404 475 "-" "-"
91.196.50.33 - - [13/Jan/2016:08:35:14 -0500] "GET http://testp4.pospr.waw.pl/testproxy.php HTTP/1.1" 404 455 "-" "Mozilla/5.0 (Windows NT 5.1; rv:32.0) Gecko/20100101 Firefox/31.0"
107.150.60.245 - - [13/Jan/2016:10:16:40 -0500] "GET / HTTP/1.1" 200 11764 "-" "Mozilla/4.0 (compatible; MSIE 8.0; Windows NT 6.1; Trident/4.0; SLCC2; .NET CLR 2.0.50727; .NET CLR 3.5.30729; .NET CLR 3.0.30729; Media Center PC 6.0)"
80.82.64.68 - - [13/Jan/2016:13:07:00 -0500] "GET /public/css/960_12_col.css HTTP/1.0" 404 475 "-" "-"
80.82.70.24 - - [13/Jan/2016:15:04:48 -0500] "GET http://httpheader.net HTTP/1.1" 200 3538 "-" "Mozilla/5.0 (Windows; U; Windows NT 6.1; en-US; rv:1.9.2.28) Gecko/20120306 Firefox/3.6.28 (.NET CLR 3.5.30729)"
80.82.64.68 - - [13/Jan/2016:15:17:01 -0500] "GET /public/css/960_12_col.css HTTP/1.0" 404 475 "-" "-"
185.49.14.190 - - [13/Jan/2016:22:40:09 -0500] "GET http://testp5.mielno.lubin.pl/testproxy.php HTTP/1.1" 404 458 "-" "Mozilla/5.0 (Windows NT 5.1; rv:32.0) Gecko/20100101 Firefox/31.0"
218.23.70.116 - - [14/Jan/2016:02:54:49 -0500] "GET /manager/html HTTP/1.1" 404 447 "-" "Mozilla/5.0 (compatible; MSIE 10.0; Windows NT 6.2; WOW64; Trident/6.0)"
110.93.205.130 - - [14/Jan/2016:04:16:11 -0500] "GET /ver2/request_demo.php HTTP/1.1" 200 1717 "-" "Mozilla/5.0 (X11; Linux x86_64) AppleWebKit/537.36 (KHTML, like Gecko) Chrome/46.0.2490.86 Safari/537.36"
110.93.205.130 - - [14/Jan/2016:04:16:11 -0500] "GET /ver2/js/form_functions.js HTTP/1.1" 200 990 "http://45.55.139.16/ver2/request_demo.php" "Mozilla/5.0 (X11; Linux x86_64) AppleWebKit/537.36 (KHTML, like Gecko) Chrome/46.0.2490.86 Safari/537.36"
110.93.205.130 - - [14/Jan/2016:04:16:11 -0500] "GET /ver2/css/home_style_tags.css HTTP/1.1" 200 435 "http://45.55.139.16/ver2/request_demo.php" "Mozilla/5.0 (X11; Linux x86_64) AppleWebKit/537.36 (KHTML, like Gecko) Chrome/46.0.2490.86 Safari/537.36"
110.93.205.130 - - [14/Jan/2016:04:16:11 -0500] "GET /ver2/css/home_style.css HTTP/1.1" 200 5025 "http://45.55.139.16/ver2/request_demo.php" "Mozilla/5.0 (X11; Linux x86_64) AppleWebKit/537.36 (KHTML, like Gecko) Chrome/46.0.2490.86 Safari/537.36"
110.93.205.130 - - [14/Jan/2016:04:16:11 -0500] "GET /ver2/images/favicon.ico HTTP/1.1" 404 513 "http://45.55.139.16/ver2/request_demo.php" "Mozilla/5.0 (X11; Linux x86_64) AppleWebKit/537.36 (KHTML, like Gecko) Chrome/46.0.2490.86 Safari/537.36"
110.93.205.130 - - [14/Jan/2016:04:16:29 -0500] "POST /ver2/request_demo.php HTTP/1.1" 200 1326 "http://45.55.139.16/ver2/request_demo.php" "Mozilla/5.0 (X11; Linux x86_64) AppleWebKit/537.36 (KHTML, like Gecko) Chrome/46.0.2490.86 Safari/537.36"
110.93.205.130 - - [14/Jan/2016:04:16:59 -0500] "GET /ver2/contact.php HTTP/1.1" 200 1791 "-" "Mozilla/5.0 (X11; Linux x86_64) AppleWebKit/537.36 (KHTML, like Gecko) Chrome/46.0.2490.86 Safari/537.36"
110.93.205.130 - - [14/Jan/2016:04:17:18 -0500] "POST /ver2/contact.php HTTP/1.1" 200 1291 "http://45.55.139.16/ver2/contact.php" "Mozilla/5.0 (X11; Linux x86_64) AppleWebKit/537.36 (KHTML, like Gecko) Chrome/46.0.2490.86 Safari/537.36"
110.93.205.130 - - [14/Jan/2016:04:19:30 -0500] "POST /ver2/contact.php HTTP/1.1" 200 1291 "http://45.55.139.16/ver2/contact.php" "Mozilla/5.0 (X11; Linux x86_64) AppleWebKit/537.36 (KHTML, like Gecko) Chrome/46.0.2490.86 Safari/537.36"
110.93.205.130 - - [14/Jan/2016:04:19:31 -0500] "GET /ver2/css/home_images/sprite.png HTTP/1.1" 304 180 "http://45.55.139.16/ver2/contact.php" "Mozilla/5.0 (X11; Linux x86_64) AppleWebKit/537.36 (KHTML, like Gecko) Chrome/46.0.2490.86 Safari/537.36"
222.186.30.78 - - [14/Jan/2016:04:22:20 -0500] "POST /login.action HTTP/1.1" 404 528 "-" "Mozilla/5.0"
